1?34 ?ar?? 5t? ran 31 ?ilo?eter?
From: 12345adegilnoprtuvwy
To:   c5jfl0hqzi2x4d7r3t9n
