Stack: 4 
Stack: 4 3 
Stack: 4 3 2 
Stack: 4 3 2 1 
