true.

true.

true.

true 
"===PART ONE==="
true.

true 
false.

true 
false.

true 
false.

true 
false.

"===PART TWO==="
true.

true 
false.

true 
false.

"===PART THREE==="
true.

true 
false.

"===PART FOUR==="
true.

true 
false.

"===PART FIVE==="
true.

true 
false.


