true.

X = 8.

false.

X = 1.

X = 4.

X = 1.

X = 429.

X = 1,
Y = 2,
Z = 3.

X = 33,
Y = 19,
Z = 2055.


